Script started on Thu May 14 03:50:03 2026
Welcome back, iisus.rodilsiagmail.com! Today is Thursday
[1m[7m%[27m[1m[0m                                                                                                                        ]7;file://MacBookPro.mynet/Users/iisus.rodilsiagmail.com/Desktop/learn/lesson_1/final_task[0m[27m[24m[Jiisus.rodilsiagmail.com@MacBookPro final_task % [K[?2004h[7mfastfetch[27m[9D[27mf[27ma[27ms[27mt[27mf[27me[27mt[27mc[27mh[?2004l
[1m[32m                     ..'
                 ,xNMM.
               .OMMMMo
               lMM"
     .;loddo:.  .olloddol;.
   cKMMMMMMMMMMNWMMMMMMMMMM0:
 [33m.KMMMMMMMMMMMMMMMMMMMMMMMWd.
 XMMMMMMMMMMMMMMMMMMMMMMMX.
[91m;MMMMMMMMMMMMMMMMMMMMMMMM:
:MMMMMMMMMMMMMMMMMMMMMMMM:
[31m.MMMMMMMMMMMMMMMMMMMMMMMMX.
 kMMMMMMMMMMMMMMMMMMMMMMMMWd.
 [35m'XMMMMMMMMMMMMMMMMMMMMMMMMMMk
  'XMMMMMMMMMMMMMMMMMMMMMMMMK.
    [34mkMMMMMMMMMMMMMMMMMMMMMMd
     ;KMMMMMMMWXXWMMMMMMMk.
       "cooc*"    "*coo'"[m[1G[16A[m[?7l[34C[m[1m[32miisus.rodilsiagmail.com[m@[1m[32mMacBookPro[m
[34C----------------------------------
[34C[m[1m[33mOS[m: [mmacOS Sequoia 15.6 (24G84) arm64
[34C[m[1m[33mHost[m: [mMacBook Pro (14-inch, 2021)
[34C[m[1m[33mKernel[m: [mDarwin 24.6.0
[34C[m[1m[33mUptime[m: [m49 days, 11 hours, 28 mins
[34C[m[1m[33mPackages[m: [m14 (brew), 1 (brew-cask)
[34C[m[1m[33mShell[m: [mzsh 5.9
[34C[m[1m[33mDisplay (Color LCD)[m: [m3600x2338 @ 2x in 14", 120 Hz [Built-in]
[34C[m[1m[33mWM[m: [mQuartz Compositor 1.600.0
[34C[m[1m[33mWM Theme[m: [mMulticolor (Dark)
[34C[m[1m[33mTheme[m: [mAqua
[34C[m[1m[33mFont[m: [m.AppleSystemUIFont [System], Helvetica [User]
[34C[m[1m[33mCursor[m: [mFill - Black, Outline - White (32px)
[34C[m[1m[33mTerminal[m: [mApple Terminal 455.1
[34C[m[1m[33mTerminal Font[m: [mSFMono-Regular (11pt)
[34C[m[1m[33mCPU[m: [mApple M1 Pro (8) @ 3.23 GHz
[34C[m[1m[33mGPU[m: [mApple M1 Pro (14) @ 1.30 GHz [Integrated]
[34C[m[1m[33mMemory[m: [m14.01 GiB / 16.00 GiB ([91m88%[m)
[34C[m[1m[33mSwap[m: [m7.69 GiB / 9.00 GiB ([91m85%[m)
[34C[m[1m[33mDisk (/)[m: [m136.73 GiB / 460.43 GiB ([32m30%[m) - apfs [Read-only]
[34C[m[1m[33mLocal IP (en0)[m: [m192.168.1.253/24
[34C[m[1m[33mBattery (bq40z651)[m: [m[32m53%[m (1 hour, 32 mins remaining) [Discharging]
[34C[m[1m[33mLocale[m: [mC
[34C
[34C[m[40m   [41m   [42m   [43m   [44m   [45m   [46m   [47m   [m
[34C[100m   [101m   [102m   [103m   [104m   [105m   [106m   [107m   [m
[?7h[1m[7m%[27m[1m[0m                                                                                                                        ]7;file://MacBookPro.mynet/Users/iisus.rodilsiagmail.com/Desktop/learn/lesson_1/final_task[0m[27m[24m[Jiisus.rodilsiagmail.com@MacBookPro final_task % [K[?2004heexit[?2004l

Saving session...
...copying shared history...
...saving history...truncating history files...
...completed.

Script done on Thu May 14 03:50:19 2026
